=== Step 1: Check model ===
  Model exists: True

=== Step 2: Start live capture ===
  Status: capturing

=== Step 3: Wait for capture ===

=== Step 4: Stop capture ===
  Packets: 50, File: C:\Users\Aayush\Downloads\BENFET_fixed\BENFET_fixed\uploads\capture_20260407_230142.pcap

=== Step 5: Analyze 10b46d87 ===
python : Traceback (most 
recent call last):
At line:1 char:1
+ python 
test_integration.py > 
test_output.txt 2>&1
+ ~~~~~~~~~~~~~~~~~~~~~~~~
~~~~~~~~~~~~~~~~~~~~~~~~~
    + CategoryInfo        
      : NotSpecified: (T  
  raceback (most recent   
  call last)::String)     
[], RemoteException
    + FullyQualifiedError 
   Id : NativeCommandErr  
  or
 
  File "C:\Users\Aayush\Do
wnloads\BENFET_fixed\BENFE
T_fixed\test_integration.p
y", line 37, in <module>
    analysis = api_get(f"/
api/analyze/{aid}")
  File "C:\Users\Aayush\Do
wnloads\BENFET_fixed\BENFE
T_fixed\test_integration.p
y", line 9, in api_get
    res = urllib.request.u
rlopen(f"{API}{path}")
  File "C:\Program Files\W
indowsApps\PythonSoftwareF
oundation.Python.3.13_3.13
.3312.0_x64__qbz5n2kfra8p0
\Lib\urllib\request.py", 
line 189, in urlopen
    return 
opener.open(url, data, 
timeout)
           ~~~~~~~~~~~^^^^
^^^^^^^^^^^^^^^^
  File "C:\Program Files\W
indowsApps\PythonSoftwareF
oundation.Python.3.13_3.13
.3312.0_x64__qbz5n2kfra8p0
\Lib\urllib\request.py", 
line 489, in open
    response = 
self._open(req, data)
  File "C:\Program Files\W
indowsApps\PythonSoftwareF
oundation.Python.3.13_3.13
.3312.0_x64__qbz5n2kfra8p0
\Lib\urllib\request.py", 
line 506, in _open
    result = self._call_ch
ain(self.handle_open, 
protocol, protocol +
                          
    '_open', req)
  File "C:\Program Files\W
indowsApps\PythonSoftwareF
oundation.Python.3.13_3.13
.3312.0_x64__qbz5n2kfra8p0
\Lib\urllib\request.py", 
line 466, in _call_chain
    result = func(*args)
  File "C:\Program Files\W
indowsApps\PythonSoftwareF
oundation.Python.3.13_3.13
.3312.0_x64__qbz5n2kfra8p0
\Lib\urllib\request.py", 
line 1348, in http_open
    return self.do_open(ht
tp.client.HTTPConnection, 
req)
           ~~~~~~~~~~~~^^^
^^^^^^^^^^^^^^^^^^^^^^^^^^
^^^^
  File "C:\Program Files\W
indowsApps\PythonSoftwareF
oundation.Python.3.13_3.13
.3312.0_x64__qbz5n2kfra8p0
\Lib\urllib\request.py", 
line 1323, in do_open
    r = h.getresponse()
  File "C:\Program Files\W
indowsApps\PythonSoftwareF
oundation.Python.3.13_3.13
.3312.0_x64__qbz5n2kfra8p0
\Lib\http\client.py", 
line 1450, in getresponse
    response.begin()
    ~~~~~~~~~~~~~~^^
  File "C:\Program Files\W
indowsApps\PythonSoftwareF
oundation.Python.3.13_3.13
.3312.0_x64__qbz5n2kfra8p0
\Lib\http\client.py", 
line 336, in begin
    version, status, 
reason = 
self._read_status()
                          
    ~~~~~~~~~~~~~~~~~^^
  File "C:\Program Files\W
indowsApps\PythonSoftwareF
oundation.Python.3.13_3.13
.3312.0_x64__qbz5n2kfra8p0
\Lib\http\client.py", 
line 297, in _read_status
    line = str(self.fp.rea
dline(_MAXLINE + 1), 
"iso-8859-1")
               ~~~~~~~~~~~
~~~~~^^^^^^^^^^^^^^
  File "C:\Program Files\W
indowsApps\PythonSoftwareF
oundation.Python.3.13_3.13
.3312.0_x64__qbz5n2kfra8p0
\Lib\socket.py", line 
719, in readinto
    return 
self._sock.recv_into(b)
           
~~~~~~~~~~~~~~~~~~~~^^^
ConnectionResetError: 
[WinError 10054] An 
existing connection was 
forcibly closed by the 
remote host
